// Jest Snapshot v1, https://goo.gl/fbAQLP

exports[`Rockets test should test rocket component 1`] = `
Object {
  "asFragment": [Function],
  "baseElement": <body>
    <div>
      <div
        class="mt-2 mb-4 flex mx-12 items-start"
      >
        <div
          class=" flex items-center w-[200px] h-[170px] lg:w-[400px] lg:h-[300px] flex-none"
        >
          <img
            alt="picture1"
            class="self-center object-contain w-[400px] h-[300px]"
          />
        </div>
        <div
          class=" mx-2"
        >
          <h3
            class="font-bold text-lg"
          />
          <p />
          <button
            class="bg-[#007bff] text-white px-3 py-1.5 rounded mt-2 "
            type="button"
          >
            Reserve rocket
          </button>
        </div>
      </div>
    </div>
  </body>,
  "container": <div>
    <div
      class="mt-2 mb-4 flex mx-12 items-start"
    >
      <div
        class=" flex items-center w-[200px] h-[170px] lg:w-[400px] lg:h-[300px] flex-none"
      >
        <img
          alt="picture1"
          class="self-center object-contain w-[400px] h-[300px]"
        />
      </div>
      <div
        class=" mx-2"
      >
        <h3
          class="font-bold text-lg"
        />
        <p />
        <button
          class="bg-[#007bff] text-white px-3 py-1.5 rounded mt-2 "
          type="button"
        >
          Reserve rocket
        </button>
      </div>
    </div>
  </div>,
  "debug": [Function],
  "findAllByAltText": [Function],
  "findAllByDisplayValue": [Function],
  "findAllByLabelText": [Function],
  "findAllByPlaceholderText": [Function],
  "findAllByRole": [Function],
  "findAllByTestId": [Function],
  "findAllByText": [Function],
  "findAllByTitle": [Function],
  "findByAltText": [Function],
  "findByDisplayValue": [Function],
  "findByLabelText": [Function],
  "findByPlaceholderText": [Function],
  "findByRole": [Function],
  "findByTestId": [Function],
  "findByText": [Function],
  "findByTitle": [Function],
  "getAllByAltText": [Function],
  "getAllByDisplayValue": [Function],
  "getAllByLabelText": [Function],
  "getAllByPlaceholderText": [Function],
  "getAllByRole": [Function],
  "getAllByTestId": [Function],
  "getAllByText": [Function],
  "getAllByTitle": [Function],
  "getByAltText": [Function],
  "getByDisplayValue": [Function],
  "getByLabelText": [Function],
  "getByPlaceholderText": [Function],
  "getByRole": [Function],
  "getByTestId": [Function],
  "getByText": [Function],
  "getByTitle": [Function],
  "queryAllByAltText": [Function],
  "queryAllByDisplayValue": [Function],
  "queryAllByLabelText": [Function],
  "queryAllByPlaceholderText": [Function],
  "queryAllByRole": [Function],
  "queryAllByTestId": [Function],
  "queryAllByText": [Function],
  "queryAllByTitle": [Function],
  "queryByAltText": [Function],
  "queryByDisplayValue": [Function],
  "queryByLabelText": [Function],
  "queryByPlaceholderText": [Function],
  "queryByRole": [Function],
  "queryByTestId": [Function],
  "queryByText": [Function],
  "queryByTitle": [Function],
  "rerender": [Function],
  "unmount": [Function],
}
`;
