// Jest Snapshot v1, https://goo.gl/fbAQLP

exports[`Test header should Test header component 1`] = `
Object {
  "asFragment": [Function],
  "baseElement": <body>
    <div>
      <header
        class=" flex justify-between items-center p-2 px-6 py-4 md:px-12 m-auto border-b-2 "
      >
        <div
          class="flex justify-between items-center m-auto md:m-0"
        >
          <img
            alt="Planet Logo"
            class="w-14 h-14"
            src="planet.png"
          />
          <h2
            class="font-bold text-xl md:text-2xl pl-4 "
          >
            Space Travelers Hub
          </h2>
        </div>
        <nav
          class="hidden md:flex justify-between text-lg items-center text-sky-600 w-[400px]"
        >
          <a
            href="/rockets"
          >
            Rockets
          </a>
          <a
            href="/dragons"
          >
            Dragons
          </a>
          <a
            href="/missions"
          >
            Missions
          </a>
          <div
            class="w-0.5 h-4 bg-black"
          />
          <a
            href="/profile"
          >
            My Profile
          </a>
        </nav>
      </header>
    </div>
  </body>,
  "container": <div>
    <header
      class=" flex justify-between items-center p-2 px-6 py-4 md:px-12 m-auto border-b-2 "
    >
      <div
        class="flex justify-between items-center m-auto md:m-0"
      >
        <img
          alt="Planet Logo"
          class="w-14 h-14"
          src="planet.png"
        />
        <h2
          class="font-bold text-xl md:text-2xl pl-4 "
        >
          Space Travelers Hub
        </h2>
      </div>
      <nav
        class="hidden md:flex justify-between text-lg items-center text-sky-600 w-[400px]"
      >
        <a
          href="/rockets"
        >
          Rockets
        </a>
        <a
          href="/dragons"
        >
          Dragons
        </a>
        <a
          href="/missions"
        >
          Missions
        </a>
        <div
          class="w-0.5 h-4 bg-black"
        />
        <a
          href="/profile"
        >
          My Profile
        </a>
      </nav>
    </header>
  </div>,
  "debug": [Function],
  "findAllByAltText": [Function],
  "findAllByDisplayValue": [Function],
  "findAllByLabelText": [Function],
  "findAllByPlaceholderText": [Function],
  "findAllByRole": [Function],
  "findAllByTestId": [Function],
  "findAllByText": [Function],
  "findAllByTitle": [Function],
  "findByAltText": [Function],
  "findByDisplayValue": [Function],
  "findByLabelText": [Function],
  "findByPlaceholderText": [Function],
  "findByRole": [Function],
  "findByTestId": [Function],
  "findByText": [Function],
  "findByTitle": [Function],
  "getAllByAltText": [Function],
  "getAllByDisplayValue": [Function],
  "getAllByLabelText": [Function],
  "getAllByPlaceholderText": [Function],
  "getAllByRole": [Function],
  "getAllByTestId": [Function],
  "getAllByText": [Function],
  "getAllByTitle": [Function],
  "getByAltText": [Function],
  "getByDisplayValue": [Function],
  "getByLabelText": [Function],
  "getByPlaceholderText": [Function],
  "getByRole": [Function],
  "getByTestId": [Function],
  "getByText": [Function],
  "getByTitle": [Function],
  "queryAllByAltText": [Function],
  "queryAllByDisplayValue": [Function],
  "queryAllByLabelText": [Function],
  "queryAllByPlaceholderText": [Function],
  "queryAllByRole": [Function],
  "queryAllByTestId": [Function],
  "queryAllByText": [Function],
  "queryAllByTitle": [Function],
  "queryByAltText": [Function],
  "queryByDisplayValue": [Function],
  "queryByLabelText": [Function],
  "queryByPlaceholderText": [Function],
  "queryByRole": [Function],
  "queryByTestId": [Function],
  "queryByText": [Function],
  "queryByTitle": [Function],
  "rerender": [Function],
  "unmount": [Function],
}
`;
